[2026-07-26 12:47:36.016] INFO  root:82 — 日志系统已初始化: level=INFO target=local dir=logs
[2026-07-26 12:47:36.407] INFO  sqlalchemy.engine.Engine:1848 — SELECT DATABASE()
[2026-07-26 12:47:36.407] INFO  sqlalchemy.engine.Engine:1848 — [raw sql] ()
[2026-07-26 12:47:36.415] INFO  sqlalchemy.engine.Engine:1848 — SELECT @@sql_mode
[2026-07-26 12:47:36.415] INFO  sqlalchemy.engine.Engine:1848 — [raw sql] ()
[2026-07-26 12:47:36.425] INFO  sqlalchemy.engine.Engine:1848 — SELECT @@lower_case_table_names
[2026-07-26 12:47:36.425] INFO  sqlalchemy.engine.Engine:1848 — [raw sql] ()
[2026-07-26 12:47:36.428] INFO  sqlalchemy.engine.Engine:2712 — BEGIN (implicit)
[2026-07-26 12:47:36.429] INFO  sqlalchemy.engine.Engine:1848 — DESCRIBE `lanyuan`.`users`
[2026-07-26 12:47:36.429] INFO  sqlalchemy.engine.Engine:1848 — [raw sql] ()
[2026-07-26 12:47:36.776] INFO  sqlalchemy.engine.Engine:1848 — DESCRIBE `lanyuan`.`posts`
[2026-07-26 12:47:36.776] INFO  sqlalchemy.engine.Engine:1848 — [raw sql] ()
[2026-07-26 12:47:36.801] INFO  sqlalchemy.engine.Engine:1848 — DESCRIBE `lanyuan`.`comments`
[2026-07-26 12:47:36.801] INFO  sqlalchemy.engine.Engine:1848 — [raw sql] ()
[2026-07-26 12:47:36.807] INFO  sqlalchemy.engine.Engine:1848 — DESCRIBE `lanyuan`.`likes`
[2026-07-26 12:47:36.807] INFO  sqlalchemy.engine.Engine:1848 — [raw sql] ()
[2026-07-26 12:47:36.830] INFO  sqlalchemy.engine.Engine:1848 — DESCRIBE `lanyuan`.`notifications`
[2026-07-26 12:47:36.831] INFO  sqlalchemy.engine.Engine:1848 — [raw sql] ()
[2026-07-26 12:47:36.833] INFO  sqlalchemy.engine.Engine:1848 — DESCRIBE `lanyuan`.`conversations`
[2026-07-26 12:47:36.833] INFO  sqlalchemy.engine.Engine:1848 — [raw sql] ()
[2026-07-26 12:47:36.837] INFO  sqlalchemy.engine.Engine:1848 — DESCRIBE `lanyuan`.`messages`
[2026-07-26 12:47:36.837] INFO  sqlalchemy.engine.Engine:1848 — [raw sql] ()
[2026-07-26 12:47:36.859] INFO  sqlalchemy.engine.Engine:2718 — COMMIT
[2026-07-26 12:47:54.401] INFO  sqlalchemy.engine.Engine:2712 — BEGIN (implicit)
[2026-07-26 12:47:54.408] INFO  sqlalchemy.engine.Engine:1848 — SELECT users.id, users.openid, users.unionid, users.nickname, users.avatar, users.community, users.building, users.unit, users.room, users.bio, users.show_building, users.show_room, users.created_at, users.updated_at 
FROM users 
WHERE users.openid = %s
[2026-07-26 12:47:54.408] INFO  sqlalchemy.engine.Engine:1848 — [generated in 0.00032s] ('test_openid_0',)
[2026-07-26 12:47:54.439] INFO  sqlalchemy.engine.Engine:1848 — INSERT INTO users (openid, unionid, nickname, avatar, community, building, unit, room, bio, show_building, show_room) VALUES (%s, %s, %s, %s, %s, %s, %s, %s, %s, %s, %s)
[2026-07-26 12:47:54.439] INFO  sqlalchemy.engine.Engine:1848 — [generated in 0.00035s] ('test_openid_0', None, '兰园业主', '', None, None, None, None, '', 1, 0)
[2026-07-26 12:47:54.548] INFO  sqlalchemy.engine.Engine:1848 — SELECT users.id, users.openid, users.unionid, users.nickname, users.avatar, users.community, users.building, users.unit, users.room, users.bio, users.show_building, users.show_room, users.created_at, users.updated_at 
FROM users 
WHERE users.id = %s
[2026-07-26 12:47:54.548] INFO  sqlalchemy.engine.Engine:1848 — [generated in 0.00047s] (1,)
[2026-07-26 12:47:54.555] INFO  sqlalchemy.engine.Engine:2718 — COMMIT
